// Jest Snapshot v1, https://goo.gl/fbAQLP

exports[`render to match App Component 1`] = `
<DocumentFragment>
  <div
    class="container"
  >
    <div
      class="container"
    >
      <nav
        class="navbar navbar-expand-lg navbar-dark bg-dark"
      >
        <h1
          class="navbar-brand"
        >
          Github Repositories
        </h1>
        <form
          class="form-inline my-2 my-lg-0"
          style="float: right;"
        >
          <input
            aria-label="Search"
            class="form-control mr-sm-2"
            name="search"
            placeholder="Search"
            type="search"
          />
          <button
            class="btn btn-outline-success my-2 my-sm-0"
            style="width: 80px;"
            type="submit"
          >
            Search
          </button>
        </form>
      </nav>
    </div>
    <p>
      Loading...
    </p>
  </div>
</DocumentFragment>
`;

exports[`test the search functionality 1`] = `Object {}`;
